// Jest Snapshot v1, https://goo.gl/fbAQLP

exports[`Add renders correctly 1`] = `
<button
  className="addAction"
  onClick={[Function]}
>
  Add Coin
</button>
`;
