// Jest Snapshot v1, https://goo.gl/fbAQLP

exports[`Reset renders correctly 1`] = `
<button
  className="action"
  onClick={[Function]}
>
  Reset
</button>
`;
