// Jest Snapshot v1, https://goo.gl/fbAQLP

exports[`Spin renders correctly 1`] = `
<h2
  style={
    Object {
      "fontSize": 64,
      "width": 55,
    }
  }
/>
`;
