// Jest Snapshot v1, https://goo.gl/fbAQLP

exports[`Start renders correctly 1`] = `
<button
  className="action"
  onClick={[Function]}
>
  Start
</button>
`;
